16:48:23 **** Incremental Build of configuration Debug for project RegisterManipulation ****
make -j16 all 
arm-none-eabi-gcc "../Core/Src/main.c" -mcpu=cortex-m4 -std=gnu11 -g3 -DDEBUG -DUSE_HAL_DRIVER -DSTM32F401xC -c -I../Core/Inc -I../Drivers/STM32F4xx_HAL_Driver/Inc -I../Drivers/STM32F4xx_HAL_Driver/Inc/Legacy -I../Drivers/CMSIS/Device/ST/STM32F4xx/Include -I../Drivers/CMSIS/Include -O0 -ffunction-sections -fdata-sections -Wall -fstack-usage -fcyclomatic-complexity -MMD -MP -MF"Core/Src/main.d" -MT"Core/Src/main.o" --specs=nano.specs -mfpu=fpv4-sp-d16 -mfloat-abi=hard -mthumb -o "Core/Src/main.o"
arm-none-eabi-gcc -o "RegisterManipulation.elf" @"objects.list"   -mcpu=cortex-m4 -T"C:\Thakshana\Bare-Metal C Projects and Experiments\stm32f4_sandbox\RegisterManipulation\RegisterManipulation\STM32F401RCTX_FLASH.ld" --specs=nosys.specs -Wl,-Map="RegisterManipulation.map" -Wl,--gc-sections -static --specs=nano.specs -mfpu=fpv4-sp-d16 -mfloat-abi=hard -mthumb -Wl,--start-group -lc -lm -Wl,--end-group
Finished building target: RegisterManipulation.elf
 
arm-none-eabi-size  RegisterManipulation.elf 
arm-none-eabi-objdump -h -S RegisterManipulation.elf  > "RegisterManipulation.list"
   text	   data	    bss	    dec	    hex	filename
    884	      4	   1572	   2460	    99c	RegisterManipulation.elf
Finished building: default.size.stdout
 
Finished building: RegisterManipulation.list
 
17:41:48 **** Incremental Build of configuration Debug for project RegisterManipulation ****
make -j16 all 
arm-none-eabi-size  RegisterManipulation.elf 
   text	   data	    bss	    dec	    hex	filename
    884	      4	   1572	   2460	    99c	RegisterManipulation.elf
Finished building: default.size.stdout
 
